1999-3-3
1999-12-25
2000-1-2
2000-1-10
2000-03-21
2000-3-23
2000-03-24