1.002.01
1.002.03
1.002.08
1.009.02
1.009.10
1.009.20
1.010.12
1.011.02