1.0.0
1.0.0-alpha1
1.0.0-beta
1.0.0-beta.1
1.0.0-beta.12
1.0.0-beta1
1.0.0-beta2
1.0.0-beta12
1.1
1.01
1.001
1.2
1.02
1.002
1.09
1.10
1.010
1.101
1.102
1.198
1.199
1.200